Copyright 1986-2020 Xilinx, Inc. All Rights Reserved.
------------------------------------------------------------------------------------
| Tool Version : Vivado v.2020.1 (lin64) Build 2902540 Wed May 27 19:54:35 MDT 2020
| Date         : Thu Oct  8 22:10:23 2026
| Host         : co2050-02.ece.iastate.edu running 64-bit unknown
| Command      : report_timing_summary -file piped_mac_8bit_system_timing.rpt
| Design       : staged_mac_bd_wrapper
| Device       : 7z020-clg484
| Speed File   : -1  PRODUCTION 1.12 2019-11-22
------------------------------------------------------------------------------------

Timing Summary Report

------------------------------------------------------------------------------------------------
| Timer Settings
| --------------
------------------------------------------------------------------------------------------------

  Enable Multi Corner Analysis               :  Yes
  Enable Pessimism Removal                   :  Yes
  Pessimism Removal Resolution               :  Nearest Common Node
  Enable Input Delay Default Clock           :  No
  Enable Preset / Clear Arcs                 :  No
  Disable Flight Delays                      :  No
  Ignore I/O Paths                           :  No
  Timing Early Launch at Borrowing Latches   :  No
  Borrow Time for Max Delay Exceptions       :  Yes
  Merge Timing Exceptions                    :  Yes

  Corner  Analyze    Analyze    
  Name    Max Paths  Min Paths  
  ------  ---------  ---------  
  Slow    Yes        Yes        
  Fast    Yes        Yes        



check_timing report

Table of Contents
-----------------
1. checking no_clock (0)
2. checking constant_clock (0)
3. checking pulse_width_clock (0)
4. checking unconstrained_internal_endpoints (0)
5. checking no_input_delay (0)
6. checking no_output_delay (0)
7. checking multiple_clock (0)
8. checking generated_clocks (0)
9. checking loops (0)
10. checking partial_input_delay (0)
11. checking partial_output_delay (0)
12. checking latch_loops (0)

1. checking no_clock (0)
------------------------
 There are 0 register/latch pins with no clock.


2. checking constant_clock (0)
------------------------------
 There are 0 register/latch pins with constant_clock.


3. checking pulse_width_clock (0)
---------------------------------
 There are 0 register/latch pins which need pulse_width check


4. checking unconstrained_internal_endpoints (0)
------------------------------------------------
 There are 0 pins that are not constrained for maximum delay.

 There are 0 pins that are not constrained for maximum delay due to constant clock.


5. checking no_input_delay (0)
------------------------------
 There are 0 input ports with no input delay specified.

 There are 0 input ports with no input delay but user has a false path constraint.


6. checking no_output_delay (0)
-------------------------------
 There are 0 ports with no output delay specified.

 There are 0 ports with no output delay but user has a false path constraint

 There are 0 ports with no output delay but with a timing clock defined on it or propagating through it


7. checking multiple_clock (0)
------------------------------
 There are 0 register/latch pins with multiple clocks.


8. checking generated_clocks (0)
--------------------------------
 There are 0 generated clocks that are not connected to a clock source.


9. checking loops (0)
---------------------
 There are 0 combinational loops in the design.


10. checking partial_input_delay (0)
------------------------------------
 There are 0 input ports with partial input delay specified.


11. checking partial_output_delay (0)
-------------------------------------
 There are 0 ports with partial output delay specified.


12. checking latch_loops (0)
----------------------------
 There are 0 combinational latch loops in the design through latch input



------------------------------------------------------------------------------------------------
| Design Timing Summary
| ---------------------
------------------------------------------------------------------------------------------------

    WNS(ns)      TNS(ns)  TNS Failing Endpoints  TNS Total Endpoints      WHS(ns)      THS(ns)  THS Failing Endpoints  THS Total Endpoints     WPWS(ns)     TPWS(ns)  TPWS Failing Endpoints  TPWS Total Endpoints  
    -------      -------  ---------------------  -------------------      -------      -------  ---------------------  -------------------     --------     --------  ----------------------  --------------------  
      2.740        0.000                      0                 5122        0.052        0.000                      0                 5122        3.750        0.000                       0                  1566  


All user specified timing constraints are met.


------------------------------------------------------------------------------------------------
| Clock Summary
| -------------
------------------------------------------------------------------------------------------------

Clock       Waveform(ns)       Period(ns)      Frequency(MHz)
-----       ------------       ----------      --------------
clk_fpga_0  {0.000 5.000}      10.000          100.000         


------------------------------------------------------------------------------------------------
| Intra Clock Table
| -----------------
------------------------------------------------------------------------------------------------

Clock             WNS(ns)      TNS(ns)  TNS Failing Endpoints  TNS Total Endpoints      WHS(ns)      THS(ns)  THS Failing Endpoints  THS Total Endpoints     WPWS(ns)     TPWS(ns)  TPWS Failing Endpoints  TPWS Total Endpoints  
-----             -------      -------  ---------------------  -------------------      -------      -------  ---------------------  -------------------     --------     --------  ----------------------  --------------------  
clk_fpga_0          2.740        0.000                      0                 5122        0.052        0.000                      0                 5122        3.750        0.000                       0                  1566  


------------------------------------------------------------------------------------------------
| Inter Clock Table
| -----------------
------------------------------------------------------------------------------------------------

From Clock    To Clock          WNS(ns)      TNS(ns)  TNS Failing Endpoints  TNS Total Endpoints      WHS(ns)      THS(ns)  THS Failing Endpoints  THS Total Endpoints  
----------    --------          -------      -------  ---------------------  -------------------      -------      -------  ---------------------  -------------------  


------------------------------------------------------------------------------------------------
| Other Path Groups Table
| -----------------------
------------------------------------------------------------------------------------------------

Path Group    From Clock    To Clock          WNS(ns)      TNS(ns)  TNS Failing Endpoints  TNS Total Endpoints      WHS(ns)      THS(ns)  THS Failing Endpoints  THS Total Endpoints  
----------    ----------    --------          -------      -------  ---------------------  -------------------      -------      -------  ---------------------  -------------------  


------------------------------------------------------------------------------------------------
| Timing Details
| --------------
------------------------------------------------------------------------------------------------


---------------------------------------------------------------------------------------------------
From Clock:  clk_fpga_0
  To Clock:  clk_fpga_0

Setup :            0  Failing Endpoints,  Worst Slack        2.740ns,  Total Violation        0.000ns
Hold  :            0  Failing Endpoints,  Worst Slack        0.052ns,  Total Violation        0.000ns
PW    :            0  Failing Endpoints,  Worst Slack        3.750ns,  Total Violation        0.000ns
---------------------------------------------------------------------------------------------------


Max Delay Paths
--------------------------------------------------------------------------------------
Slack (MET) :             2.740ns  (required time - arrival time)
  Source:                 staged_mac_bd_i/axi_fifo_mm_s_0/U0/COMP_IPIC2AXI_S/gtxd.sig_txd_packet_size_reg[0]/C
                            (rising edge-triggered cell FDRE clocked by clk_fpga_0  {rise@0.000ns fall@5.000ns period=10.000ns})
  Destination:            staged_mac_bd_i/axi_fifo_mm_s_0/U0/COMP_IPIC2AXI_S/sig_txd_wr_data_reg[11]/CE
                            (rising edge-triggered cell FDRE clocked by clk_fpga_0  {rise@0.000ns fall@5.000ns period=10.000ns})
  Path Group:             clk_fpga_0
  Path Type:              Setup (Max at Slow Process Corner)
  Requirement:            10.000ns  (clk_fpga_0 rise@10.000ns - clk_fpga_0 rise@0.000ns)
  Data Path Delay:        6.665ns  (logic 3.188ns (47.830%)  route 3.477ns (52.170%))
  Logic Levels:           11  (CARRY4=8 LUT4=1 LUT6=2)
  Clock Path Skew:        -0.029ns (DCD - SCD + CPR)
    Destination Clock Delay (DCD):    2.693ns = ( 12.693 - 10.000 ) 
    Source Clock Delay      (SCD):    2.986ns
    Clock Pessimism Removal (CPR):    0.264ns
  Clock Uncertainty:      0.154ns  ((TSJ^2 + TIJ^2)^1/2 + DJ) / 2 + PE
    Total System Jitter     (TSJ):    0.071ns
    Total Input Jitter      (TIJ):    0.300ns
    Discrete Jitter          (DJ):    0.000ns
    Phase Error              (PE):    0.000ns

    Location             Delay type                Incr(ns)  Path(ns)    Netlist Resource(s)
  -------------------------------------------------------------------    -------------------
                         (clock clk_fpga_0 rise edge)
                                                      0.000     0.000 r  
    PS7_X0Y0             PS7                          0.000     0.000 r  staged_mac_bd_i/processing_system7_0/inst/PS7_i/FCLKCLK[0]
                         net (fo=1, routed)           1.193     1.193    staged_mac_bd_i/processing_system7_0/inst/FCLK_CLK_unbuffered[0]
    BUFGCTRL_X0Y16       BUFG (Prop_bufg_I_O)         0.101     1.294 r  staged_mac_bd_i/processing_system7_0/inst/buffer_fclk_clk_0.FCLK_CLK_0_BUFG/O
                         net (fo=1566, routed)        1.692     2.986    staged_mac_bd_i/axi_fifo_mm_s_0/U0/COMP_IPIC2AXI_S/s_axi_aclk
    SLICE_X29Y84         FDRE                                         r  staged_mac_bd_i/axi_fifo_mm_s_0/U0/COMP_IPIC2AXI_S/gtxd.sig_txd_packet_size_reg[0]/C
  -------------------------------------------------------------------    -------------------
    SLICE_X29Y84         FDRE (Prop_fdre_C_Q)         0.456     3.442 r  staged_mac_bd_i/axi_fifo_mm_s_0/U0/COMP_IPIC2AXI_S/gtxd.sig_txd_packet_size_reg[0]/Q
                         net (fo=4, routed)           0.557     3.999    staged_mac_bd_i/axi_fifo_mm_s_0/U0/COMP_IPIC2AXI_S/gtxd.sig_txd_packet_size_reg[0]
    SLICE_X28Y84         CARRY4 (Prop_carry4_CYINIT_CO[3])
                                                      0.580     4.579 r  staged_mac_bd_i/axi_fifo_mm_s_0/U0/COMP_IPIC2AXI_S/i__carry_i_7/CO[3]
                         net (fo=1, routed)           0.000     4.579    staged_mac_bd_i/axi_fifo_mm_s_0/U0/COMP_IPIC2AXI_S/i__carry_i_7_n_0
    SLICE_X28Y85         CARRY4 (Prop_carry4_CI_CO[3])
                                                      0.114     4.693 r  staged_mac_bd_i/axi_fifo_mm_s_0/U0/COMP_IPIC2AXI_S/i__carry_i_6/CO[3]
                         net (fo=1, routed)           0.000     4.693    staged_mac_bd_i/axi_fifo_mm_s_0/U0/COMP_IPIC2AXI_S/i__carry_i_6_n_0
    SLICE_X28Y86         CARRY4 (Prop_carry4_CI_CO[3])
                                                      0.114     4.807 r  staged_mac_bd_i/axi_fifo_mm_s_0/U0/COMP_IPIC2AXI_S/i__carry_i_5/CO[3]
                         net (fo=1, routed)           0.000     4.807    staged_mac_bd_i/axi_fifo_mm_s_0/U0/COMP_IPIC2AXI_S/i__carry_i_5_n_0
    SLICE_X28Y87         CARRY4 (Prop_carry4_CI_CO[3])
                                                      0.114     4.921 r  staged_mac_bd_i/axi_fifo_mm_s_0/U0/COMP_IPIC2AXI_S/i__carry__0_i_7/CO[3]
                         net (fo=1, routed)           0.000     4.921    staged_mac_bd_i/axi_fifo_mm_s_0/U0/COMP_IPIC2AXI_S/i__carry__0_i_7_n_0
    SLICE_X28Y88         CARRY4 (Prop_carry4_CI_CO[3])
                                                      0.114     5.035 r  staged_mac_bd_i/axi_fifo_mm_s_0/U0/COMP_IPIC2AXI_S/i__carry__0_i_6/CO[3]
                         net (fo=1, routed)           0.000     5.035    staged_mac_bd_i/axi_fifo_mm_s_0/U0/COMP_IPIC2AXI_S/i__carry__0_i_6_n_0
    SLICE_X28Y89         CARRY4 (Prop_carry4_CI_O[1])
                                                      0.334     5.369 r  staged_mac_bd_i/axi_fifo_mm_s_0/U0/COMP_IPIC2AXI_S/i__carry__0_i_5/O[1]
                         net (fo=1, routed)           0.808     6.177    staged_mac_bd_i/axi_fifo_mm_s_0/U0/COMP_IPIC2AXI_S/R[22]
    SLICE_X27Y87         LUT6 (Prop_lut6_I1_O)        0.303     6.480 r  staged_mac_bd_i/axi_fifo_mm_s_0/U0/COMP_IPIC2AXI_S/i__carry__0_i_1__0/O
                         net (fo=1, routed)           0.000     6.480    staged_mac_bd_i/axi_fifo_mm_s_0/U0/COMP_IPIC2AXI_S/i__carry__0_i_1__0_n_0
    SLICE_X27Y87         CARRY4 (Prop_carry4_S[3]_CO[3])
                                                      0.401     6.881 r  staged_mac_bd_i/axi_fifo_mm_s_0/U0/COMP_IPIC2AXI_S/eqOp_inferred__2/i__carry__0/CO[3]
                         net (fo=1, routed)           0.000     6.881    staged_mac_bd_i/axi_fifo_mm_s_0/U0/COMP_IPIC2AXI_S/eqOp_inferred__2/i__carry__0_n_0
    SLICE_X27Y88         CARRY4 (Prop_carry4_CI_CO[2])
                                                      0.228     7.109 r  staged_mac_bd_i/axi_fifo_mm_s_0/U0/COMP_IPIC2AXI_S/eqOp_inferred__2/i__carry__1/CO[2]
                         net (fo=2, routed)           0.714     7.823    staged_mac_bd_i/axi_fifo_mm_s_0/U0/COMP_IPIF/I_SLAVE_ATTACHMENT/I_DECODER/sig_txd_sb_wr_en_reg[0]
    SLICE_X34Y88         LUT6 (Prop_lut6_I2_O)        0.313     8.136 r  staged_mac_bd_i/axi_fifo_mm_s_0/U0/COMP_IPIF/I_SLAVE_ATTACHMENT/I_DECODER/sig_txd_sb_wr_en_i_1/O
                         net (fo=2, routed)           0.435     8.571    staged_mac_bd_i/axi_fifo_mm_s_0/U0/COMP_IPIF/I_SLAVE_ATTACHMENT/I_DECODER/sig_txd_sb_wr_en
    SLICE_X34Y86         LUT4 (Prop_lut4_I2_O)        0.117     8.688 r  staged_mac_bd_i/axi_fifo_mm_s_0/U0/COMP_IPIF/I_SLAVE_ATTACHMENT/I_DECODER/sig_txd_wr_data[31]_i_1/O
                         net (fo=18, routed)          0.963     9.651    staged_mac_bd_i/axi_fifo_mm_s_0/U0/COMP_IPIC2AXI_S/sig_txd_wr_data_reg[31]_0[0]
    SLICE_X29Y80         FDRE                                         r  staged_mac_bd_i/axi_fifo_mm_s_0/U0/COMP_IPIC2AXI_S/sig_txd_wr_data_reg[11]/CE
  -------------------------------------------------------------------    -------------------

                         (clock clk_fpga_0 rise edge)
                                                     10.000    10.000 r  
    PS7_X0Y0             PS7                          0.000    10.000 r  staged_mac_bd_i/processing_system7_0/inst/PS7_i/FCLKCLK[0]
                         net (fo=1, routed)           1.088    11.088    staged_mac_bd_i/processing_system7_0/inst/FCLK_CLK_unbuffered[0]
    BUFGCTRL_X0Y16       BUFG (Prop_bufg_I_O)         0.091    11.179 r  staged_mac_bd_i/processing_system7_0/inst/buffer_fclk_clk_0.FCLK_CLK_0_BUFG/O
                         net (fo=1566, routed)        1.514    12.693    staged_mac_bd_i/axi_fifo_mm_s_0/U0/COMP_IPIC2AXI_S/s_axi_aclk
    SLICE_X29Y80         FDRE                                         r  staged_mac_bd_i/axi_fifo_mm_s_0/U0/COMP_IPIC2AXI_S/sig_txd_wr_data_reg[11]/C
                         clock pessimism              0.264    12.957    
                         clock uncertainty           -0.154    12.803    
    SLICE_X29Y80         FDRE (Setup_fdre_C_CE)      -0.412    12.391    staged_mac_bd_i/axi_fifo_mm_s_0/U0/COMP_IPIC2AXI_S/sig_txd_wr_data_reg[11]
  -------------------------------------------------------------------
                         required time                         12.391    
                         arrival time                          -9.651    
  -------------------------------------------------------------------
                         slack                                  2.740    





Min Delay Paths
--------------------------------------------------------------------------------------
Slack (MET) :             0.052ns  (arrival time - required time)
  Source:                 staged_mac_bd_i/piped_mac_0/inst/MO_AXIS_TDATA_reg[11]/C
                            (rising edge-triggered cell FDRE clocked by clk_fpga_0  {rise@0.000ns fall@5.000ns period=10.000ns})
  Destination:            staged_mac_bd_i/axi_fifo_mm_s_0/U0/COMP_IPIC2AXI_S/grxd.COMP_RX_FIFO/gfifo_gen.COMP_AXIS_FG_FIFO/COMP_FIFO/xpm_fifo_base_inst/gen_sdpram.xpm_memory_base_inst/gen_wr_a.gen_word_narrow.mem_reg_0/DIADI[11]
                            (rising edge-triggered cell RAMB36E1 clocked by clk_fpga_0  {rise@0.000ns fall@5.000ns period=10.000ns})
  Path Group:             clk_fpga_0
  Path Type:              Hold (Min at Fast Process Corner)
  Requirement:            0.000ns  (clk_fpga_0 rise@0.000ns - clk_fpga_0 rise@0.000ns)
  Data Path Delay:        0.424ns  (logic 0.141ns (33.221%)  route 0.283ns (66.779%))
  Logic Levels:           0  
  Clock Path Skew:        0.076ns (DCD - SCD - CPR)
    Destination Clock Delay (DCD):    1.221ns
    Source Clock Delay      (SCD):    0.881ns
    Clock Pessimism Removal (CPR):    0.264ns

    Location             Delay type                Incr(ns)  Path(ns)    Netlist Resource(s)
  -------------------------------------------------------------------    -------------------
                         (clock clk_fpga_0 rise edge)
                                                      0.000     0.000 r  
    PS7_X0Y0             PS7                          0.000     0.000 r  staged_mac_bd_i/processing_system7_0/inst/PS7_i/FCLKCLK[0]
                         net (fo=1, routed)           0.310     0.310    staged_mac_bd_i/processing_system7_0/inst/FCLK_CLK_unbuffered[0]
    BUFGCTRL_X0Y16       BUFG (Prop_bufg_I_O)         0.026     0.336 r  staged_mac_bd_i/processing_system7_0/inst/buffer_fclk_clk_0.FCLK_CLK_0_BUFG/O
                         net (fo=1566, routed)        0.545     0.881    staged_mac_bd_i/piped_mac_0/inst/ACLK
    SLICE_X35Y74         FDRE                                         r  staged_mac_bd_i/piped_mac_0/inst/MO_AXIS_TDATA_reg[11]/C
  -------------------------------------------------------------------    -------------------
    SLICE_X35Y74         FDRE (Prop_fdre_C_Q)         0.141     1.022 r  staged_mac_bd_i/piped_mac_0/inst/MO_AXIS_TDATA_reg[11]/Q
                         net (fo=1, routed)           0.283     1.305    staged_mac_bd_i/axi_fifo_mm_s_0/U0/COMP_IPIC2AXI_S/grxd.COMP_RX_FIFO/gfifo_gen.COMP_AXIS_FG_FIFO/COMP_FIFO/xpm_fifo_base_inst/gen_sdpram.xpm_memory_base_inst/dina[11]
    RAMB36_X2Y15         RAMB36E1                                     r  staged_mac_bd_i/axi_fifo_mm_s_0/U0/COMP_IPIC2AXI_S/grxd.COMP_RX_FIFO/gfifo_gen.COMP_AXIS_FG_FIFO/COMP_FIFO/xpm_fifo_base_inst/gen_sdpram.xpm_memory_base_inst/gen_wr_a.gen_word_narrow.mem_reg_0/DIADI[11]
  -------------------------------------------------------------------    -------------------

                         (clock clk_fpga_0 rise edge)
                                                      0.000     0.000 r  
    PS7_X0Y0             PS7                          0.000     0.000 r  staged_mac_bd_i/processing_system7_0/inst/PS7_i/FCLKCLK[0]
                         net (fo=1, routed)           0.337     0.337    staged_mac_bd_i/processing_system7_0/inst/FCLK_CLK_unbuffered[0]
    BUFGCTRL_X0Y16       BUFG (Prop_bufg_I_O)         0.029     0.366 r  staged_mac_bd_i/processing_system7_0/inst/buffer_fclk_clk_0.FCLK_CLK_0_BUFG/O
                         net (fo=1566, routed)        0.855     1.221    staged_mac_bd_i/axi_fifo_mm_s_0/U0/COMP_IPIC2AXI_S/grxd.COMP_RX_FIFO/gfifo_gen.COMP_AXIS_FG_FIFO/COMP_FIFO/xpm_fifo_base_inst/gen_sdpram.xpm_memory_base_inst/clka
    RAMB36_X2Y15         RAMB36E1                                     r  staged_mac_bd_i/axi_fifo_mm_s_0/U0/COMP_IPIC2AXI_S/grxd.COMP_RX_FIFO/gfifo_gen.COMP_AXIS_FG_FIFO/COMP_FIFO/xpm_fifo_base_inst/gen_sdpram.xpm_memory_base_inst/gen_wr_a.gen_word_narrow.mem_reg_0/CLKARDCLK
                         clock pessimism             -0.264     0.957    
    RAMB36_X2Y15         RAMB36E1 (Hold_ramb36e1_CLKARDCLK_DIADI[11])
                                                      0.296     1.253    staged_mac_bd_i/axi_fifo_mm_s_0/U0/COMP_IPIC2AXI_S/grxd.COMP_RX_FIFO/gfifo_gen.COMP_AXIS_FG_FIFO/COMP_FIFO/xpm_fifo_base_inst/gen_sdpram.xpm_memory_base_inst/gen_wr_a.gen_word_narrow.mem_reg_0
  -------------------------------------------------------------------
                         required time                         -1.253    
                         arrival time                           1.305    
  -------------------------------------------------------------------
                         slack                                  0.052    





Pulse Width Checks
--------------------------------------------------------------------------------------
Clock Name:         clk_fpga_0
Waveform(ns):       { 0.000 5.000 }
Period(ns):         10.000
Sources:            { staged_mac_bd_i/processing_system7_0/inst/PS7_i/FCLKCLK[0] }

Check Type        Corner  Lib Pin             Reference Pin  Required(ns)  Actual(ns)  Slack(ns)  Location      Pin
Min Period        n/a     RAMB36E1/CLKARDCLK  n/a            2.576         10.000      7.424      RAMB36_X2Y15  staged_mac_bd_i/axi_fifo_mm_s_0/U0/COMP_IPIC2AXI_S/grxd.COMP_RX_FIFO/gfifo_gen.COMP_AXIS_FG_FIFO/COMP_FIFO/xpm_fifo_base_inst/gen_sdpram.xpm_memory_base_inst/gen_wr_a.gen_word_narrow.mem_reg_0/CLKARDCLK
Low Pulse Width   Slow    RAMD64E/CLK         n/a            1.250         5.000       3.750      SLICE_X26Y79  staged_mac_bd_i/axi_fifo_mm_s_0/U0/COMP_IPIC2AXI_S/grxd.COMP_rx_len_fifo/xpm_fifo_base_inst/gen_sdpram.xpm_memory_base_inst/gen_wr_a.gen_word_narrow.mem_reg_448_511_12_14/RAMD/CLK
High Pulse Width  Slow    RAMD64E/CLK         n/a            1.250         5.000       3.750      SLICE_X32Y83  staged_mac_bd_i/axi_fifo_mm_s_0/U0/COMP_IPIC2AXI_S/grxd.COMP_rx_len_fifo/xpm_fifo_base_inst/gen_sdpram.xpm_memory_base_inst/gen_wr_a.gen_word_narrow.mem_reg_448_511_18_20/RAMA/CLK



