Copyright 1986-2020 Xilinx, Inc. All Rights Reserved.
----------------------------------------------------------------------------------------------
| Tool Version : Vivado v.2020.1 (lin64) Build 2902540 Wed May 27 19:54:35 MDT 2020
| Date         : Thu Oct  8 22:10:23 2026
| Host         : co2050-02.ece.iastate.edu running 64-bit unknown
| Command      : report_utilization -hierarchical -file piped_mac_8bit_system_utilization.rpt
| Design       : staged_mac_bd_wrapper
| Device       : 7z020clg484-1
| Design State : Routed
----------------------------------------------------------------------------------------------

Utilization Design Information

Table of Contents
-----------------
1. Utilization by Hierarchy

1. Utilization by Hierarchy
---------------------------

+------------------------------------------------------------------------------+-----------------------------------------------------------------------------------------+------------+------------+---------+------+------+--------+--------+------------+
|                                   Instance                                   |                                          Module                                         | Total LUTs | Logic LUTs | LUTRAMs | SRLs |  FFs | RAMB36 | RAMB18 | DSP Blocks |
+------------------------------------------------------------------------------+-----------------------------------------------------------------------------------------+------------+------------+---------+------+------+--------+--------+------------+
| staged_mac_bd_wrapper                                                        |                                                                                   (top) |       1137 |        820 |     256 |   61 | 1235 |      3 |      1 |          1 |
|   staged_mac_bd_i                                                            |                                                                           staged_mac_bd |       1137 |        820 |     256 |   61 | 1235 |      3 |      1 |          1 |
|     axi_fifo_mm_s_0                                                          |                                                         staged_mac_bd_axi_fifo_mm_s_0_0 |        777 |        521 |     256 |    0 |  704 |      3 |      1 |          0 |
|       U0                                                                     |                                          staged_mac_bd_axi_fifo_mm_s_0_0__axi_fifo_mm_s |        777 |        521 |     256 |    0 |  704 |      3 |      1 |          0 |
|         COMP_IPIC2AXI_S                                                      |                                             staged_mac_bd_axi_fifo_mm_s_0_0__ipic2axi_s |        654 |        398 |     256 |    0 |  642 |      3 |      1 |          0 |
|           (COMP_IPIC2AXI_S)                                                  |                                             staged_mac_bd_axi_fifo_mm_s_0_0__ipic2axi_s |         95 |         95 |       0 |    0 |  145 |      0 |      0 |          0 |
|           grxd.COMP_RX_FIFO                                                  |                                   staged_mac_bd_axi_fifo_mm_s_0_0__fifo__parameterized0 |        117 |        117 |       0 |    0 |  106 |      2 |      0 |          0 |
|             gfifo_gen.COMP_AXIS_FG_FIFO                                      |                                                staged_mac_bd_axi_fifo_mm_s_0_0__axis_fg |        117 |        117 |       0 |    0 |  106 |      2 |      0 |          0 |
|               (gfifo_gen.COMP_AXIS_FG_FIFO)                                  |                                                staged_mac_bd_axi_fifo_mm_s_0_0__axis_fg |         44 |         44 |       0 |    0 |    1 |      0 |      0 |          0 |
|               COMP_FIFO                                                      |                                          staged_mac_bd_axi_fifo_mm_s_0_0__xpm_fifo_axis |         73 |         73 |       0 |    0 |  105 |      2 |      0 |          0 |
|                 (COMP_FIFO)                                                  |                                          staged_mac_bd_axi_fifo_mm_s_0_0__xpm_fifo_axis |          1 |          1 |       0 |    0 |    0 |      0 |      0 |          0 |
|                 gaxis_rst_sync.xpm_cdc_sync_rst_inst                         |                                       staged_mac_bd_axi_fifo_mm_s_0_0__xpm_cdc_sync_rst |          0 |          0 |       0 |    0 |    4 |      0 |      0 |          0 |
|                 xpm_fifo_base_inst                                           |                                          staged_mac_bd_axi_fifo_mm_s_0_0__xpm_fifo_base |         72 |         72 |       0 |    0 |  101 |      2 |      0 |          0 |
|                   (xpm_fifo_base_inst)                                       |                                          staged_mac_bd_axi_fifo_mm_s_0_0__xpm_fifo_base |          8 |          8 |       0 |    0 |   47 |      0 |      0 |          0 |
|                   gen_fwft.rdpp1_inst                                        |                                     staged_mac_bd_axi_fifo_mm_s_0_0__xpm_counter_updn_2 |          5 |          5 |       0 |    0 |    2 |      0 |      0 |          0 |
|                   gen_sdpram.xpm_memory_base_inst                            |                                        staged_mac_bd_axi_fifo_mm_s_0_0__xpm_memory_base |          1 |          1 |       0 |    0 |    0 |      2 |      0 |          0 |
|                   rdp_inst                                                   |                     staged_mac_bd_axi_fifo_mm_s_0_0__xpm_counter_updn__parameterized0_3 |         42 |         42 |       0 |    0 |   12 |      0 |      0 |          0 |
|                   rdpp1_inst                                                 |                     staged_mac_bd_axi_fifo_mm_s_0_0__xpm_counter_updn__parameterized1_4 |          1 |          1 |       0 |    0 |   11 |      0 |      0 |          0 |
|                   rst_d1_inst                                                |                                     staged_mac_bd_axi_fifo_mm_s_0_0__xpm_fifo_reg_bit_5 |          6 |          6 |       0 |    0 |    1 |      0 |      0 |          0 |
|                   wrp_inst                                                   |                     staged_mac_bd_axi_fifo_mm_s_0_0__xpm_counter_updn__parameterized0_6 |         14 |         14 |       0 |    0 |   12 |      0 |      0 |          0 |
|                   wrpp1_inst                                                 |                     staged_mac_bd_axi_fifo_mm_s_0_0__xpm_counter_updn__parameterized1_7 |         10 |         10 |       0 |    0 |   11 |      0 |      0 |          0 |
|                   xpm_fifo_rst_inst                                          |                                         staged_mac_bd_axi_fifo_mm_s_0_0__xpm_fifo_rst_8 |          4 |          4 |       0 |    0 |    5 |      0 |      0 |          0 |
|           grxd.COMP_rx_len_fifo                                              |                                          staged_mac_bd_axi_fifo_mm_s_0_0__xpm_fifo_sync |        350 |         94 |     256 |    0 |  257 |      0 |      0 |          0 |
|             xpm_fifo_base_inst                                               |                          staged_mac_bd_axi_fifo_mm_s_0_0__xpm_fifo_base__parameterized0 |        350 |         94 |     256 |    0 |  257 |      0 |      0 |          0 |
|               (xpm_fifo_base_inst)                                           |                          staged_mac_bd_axi_fifo_mm_s_0_0__xpm_fifo_base__parameterized0 |          3 |          3 |       0 |    0 |    5 |      0 |      0 |          0 |
|               gen_sdpram.xpm_memory_base_inst                                |                        staged_mac_bd_axi_fifo_mm_s_0_0__xpm_memory_base__parameterized0 |        306 |         50 |     256 |    0 |  210 |      0 |      0 |          0 |
|               rdp_inst                                                       |                       staged_mac_bd_axi_fifo_mm_s_0_0__xpm_counter_updn__parameterized3 |          7 |          7 |       0 |    0 |    9 |      0 |      0 |          0 |
|               rdpp1_inst                                                     |                       staged_mac_bd_axi_fifo_mm_s_0_0__xpm_counter_updn__parameterized4 |         12 |         12 |       0 |    0 |    9 |      0 |      0 |          0 |
|               rst_d1_inst                                                    |                                     staged_mac_bd_axi_fifo_mm_s_0_0__xpm_fifo_reg_bit_9 |          2 |          2 |       0 |    0 |    1 |      0 |      0 |          0 |
|               wrp_inst                                                       |                    staged_mac_bd_axi_fifo_mm_s_0_0__xpm_counter_updn__parameterized3_10 |          9 |          9 |       0 |    0 |    9 |      0 |      0 |          0 |
|               wrpp1_inst                                                     |                    staged_mac_bd_axi_fifo_mm_s_0_0__xpm_counter_updn__parameterized4_11 |         10 |         10 |       0 |    0 |    9 |      0 |      0 |          0 |
|               xpm_fifo_rst_inst                                              |                                        staged_mac_bd_axi_fifo_mm_s_0_0__xpm_fifo_rst_12 |          2 |          2 |       0 |    0 |    5 |      0 |      0 |          0 |
|           gtxd.COMP_TXD_FIFO                                                 |                                                   staged_mac_bd_axi_fifo_mm_s_0_0__fifo |         92 |         92 |       0 |    0 |  134 |      1 |      1 |          0 |
|             (gtxd.COMP_TXD_FIFO)                                             |                                                   staged_mac_bd_axi_fifo_mm_s_0_0__fifo |          2 |          2 |       0 |    0 |   30 |      0 |      0 |          0 |
|             gfifo_gen.COMP_AXIS_FG_FIFO                                      |                                     staged_mac_bd_axi_fifo_mm_s_0_0__axis_fg__xdcDup__1 |         91 |         91 |       0 |    0 |  104 |      1 |      1 |          0 |
|               (gfifo_gen.COMP_AXIS_FG_FIFO)                                  |                                     staged_mac_bd_axi_fifo_mm_s_0_0__axis_fg__xdcDup__1 |         19 |         19 |       0 |    0 |    0 |      0 |      0 |          0 |
|               COMP_FIFO                                                      |                               staged_mac_bd_axi_fifo_mm_s_0_0__xpm_fifo_axis__xdcDup__1 |         72 |         72 |       0 |    0 |  104 |      1 |      1 |          0 |
|                 (COMP_FIFO)                                                  |                               staged_mac_bd_axi_fifo_mm_s_0_0__xpm_fifo_axis__xdcDup__1 |          1 |          1 |       0 |    0 |    0 |      0 |      0 |          0 |
|                 gaxis_rst_sync.xpm_cdc_sync_rst_inst                         |                                    staged_mac_bd_axi_fifo_mm_s_0_0__xpm_cdc_sync_rst__2 |          0 |          0 |       0 |    0 |    4 |      0 |      0 |          0 |
|                 xpm_fifo_base_inst                                           |                                       staged_mac_bd_axi_fifo_mm_s_0_0__xpm_fifo_base__2 |         71 |         71 |       0 |    0 |  100 |      1 |      1 |          0 |
|                   (xpm_fifo_base_inst)                                       |                                       staged_mac_bd_axi_fifo_mm_s_0_0__xpm_fifo_base__2 |          8 |          8 |       0 |    0 |   46 |      0 |      0 |          0 |
|                   gen_fwft.rdpp1_inst                                        |                                       staged_mac_bd_axi_fifo_mm_s_0_0__xpm_counter_updn |          5 |          5 |       0 |    0 |    2 |      0 |      0 |          0 |
|                   gen_sdpram.xpm_memory_base_inst                            |                                     staged_mac_bd_axi_fifo_mm_s_0_0__xpm_memory_base__2 |          1 |          1 |       0 |    0 |    0 |      1 |      1 |          0 |
|                   rdp_inst                                                   |                       staged_mac_bd_axi_fifo_mm_s_0_0__xpm_counter_updn__parameterized0 |         41 |         41 |       0 |    0 |   12 |      0 |      0 |          0 |
|                   rdpp1_inst                                                 |                       staged_mac_bd_axi_fifo_mm_s_0_0__xpm_counter_updn__parameterized1 |          1 |          1 |       0 |    0 |   11 |      0 |      0 |          0 |
|                   rst_d1_inst                                                |                                       staged_mac_bd_axi_fifo_mm_s_0_0__xpm_fifo_reg_bit |          6 |          6 |       0 |    0 |    1 |      0 |      0 |          0 |
|                   wrp_inst                                                   |                     staged_mac_bd_axi_fifo_mm_s_0_0__xpm_counter_updn__parameterized0_0 |         14 |         14 |       0 |    0 |   12 |      0 |      0 |          0 |
|                   wrpp1_inst                                                 |                     staged_mac_bd_axi_fifo_mm_s_0_0__xpm_counter_updn__parameterized1_1 |         10 |         10 |       0 |    0 |   11 |      0 |      0 |          0 |
|                   xpm_fifo_rst_inst                                          |                                           staged_mac_bd_axi_fifo_mm_s_0_0__xpm_fifo_rst |          4 |          4 |       0 |    0 |    5 |      0 |      0 |          0 |
|         COMP_IPIF                                                            |                                          staged_mac_bd_axi_fifo_mm_s_0_0__axi_lite_ipif |        124 |        124 |       0 |    0 |   62 |      0 |      0 |          0 |
|           I_SLAVE_ATTACHMENT                                                 |                                       staged_mac_bd_axi_fifo_mm_s_0_0__slave_attachment |        124 |        124 |       0 |    0 |   62 |      0 |      0 |          0 |
|             (I_SLAVE_ATTACHMENT)                                             |                                       staged_mac_bd_axi_fifo_mm_s_0_0__slave_attachment |         13 |         13 |       0 |    0 |   47 |      0 |      0 |          0 |
|             I_DECODER                                                        |                                        staged_mac_bd_axi_fifo_mm_s_0_0__address_decoder |        111 |        111 |       0 |    0 |   15 |      0 |      0 |          0 |
|               (I_DECODER)                                                    |                                        staged_mac_bd_axi_fifo_mm_s_0_0__address_decoder |         99 |         99 |       0 |    0 |   15 |      0 |      0 |          0 |
|               MEM_DECODE_GEN[0].PER_CE_GEN[0].MULTIPLE_CES_THIS_CS_GEN.CE_I  |                                              staged_mac_bd_axi_fifo_mm_s_0_0__pselect_f |          1 |          1 |       0 |    0 |    0 |      0 |      0 |          0 |
|               MEM_DECODE_GEN[0].PER_CE_GEN[10].MULTIPLE_CES_THIS_CS_GEN.CE_I |                              staged_mac_bd_axi_fifo_mm_s_0_0__pselect_f__parameterized9 |          1 |          1 |       0 |    0 |    0 |      0 |      0 |          0 |
|               MEM_DECODE_GEN[0].PER_CE_GEN[11].MULTIPLE_CES_THIS_CS_GEN.CE_I |                             staged_mac_bd_axi_fifo_mm_s_0_0__pselect_f__parameterized10 |          1 |          1 |       0 |    0 |    0 |      0 |      0 |          0 |
|               MEM_DECODE_GEN[0].PER_CE_GEN[12].MULTIPLE_CES_THIS_CS_GEN.CE_I |                             staged_mac_bd_axi_fifo_mm_s_0_0__pselect_f__parameterized11 |          1 |          1 |       0 |    0 |    0 |      0 |      0 |          0 |
|               MEM_DECODE_GEN[0].PER_CE_GEN[1].MULTIPLE_CES_THIS_CS_GEN.CE_I  |                              staged_mac_bd_axi_fifo_mm_s_0_0__pselect_f__parameterized0 |          1 |          1 |       0 |    0 |    0 |      0 |      0 |          0 |
|               MEM_DECODE_GEN[0].PER_CE_GEN[2].MULTIPLE_CES_THIS_CS_GEN.CE_I  |                              staged_mac_bd_axi_fifo_mm_s_0_0__pselect_f__parameterized1 |          1 |          1 |       0 |    0 |    0 |      0 |      0 |          0 |
|               MEM_DECODE_GEN[0].PER_CE_GEN[4].MULTIPLE_CES_THIS_CS_GEN.CE_I  |                              staged_mac_bd_axi_fifo_mm_s_0_0__pselect_f__parameterized3 |          1 |          1 |       0 |    0 |    0 |      0 |      0 |          0 |
|               MEM_DECODE_GEN[0].PER_CE_GEN[5].MULTIPLE_CES_THIS_CS_GEN.CE_I  |                              staged_mac_bd_axi_fifo_mm_s_0_0__pselect_f__parameterized4 |          1 |          1 |       0 |    0 |    0 |      0 |      0 |          0 |
|               MEM_DECODE_GEN[0].PER_CE_GEN[6].MULTIPLE_CES_THIS_CS_GEN.CE_I  |                              staged_mac_bd_axi_fifo_mm_s_0_0__pselect_f__parameterized5 |          1 |          1 |       0 |    0 |    0 |      0 |      0 |          0 |
|               MEM_DECODE_GEN[0].PER_CE_GEN[7].MULTIPLE_CES_THIS_CS_GEN.CE_I  |                              staged_mac_bd_axi_fifo_mm_s_0_0__pselect_f__parameterized6 |          1 |          1 |       0 |    0 |    0 |      0 |      0 |          0 |
|               MEM_DECODE_GEN[0].PER_CE_GEN[8].MULTIPLE_CES_THIS_CS_GEN.CE_I  |                              staged_mac_bd_axi_fifo_mm_s_0_0__pselect_f__parameterized7 |          1 |          1 |       0 |    0 |    0 |      0 |      0 |          0 |
|               MEM_DECODE_GEN[0].PER_CE_GEN[9].MULTIPLE_CES_THIS_CS_GEN.CE_I  |                              staged_mac_bd_axi_fifo_mm_s_0_0__pselect_f__parameterized8 |          1 |          1 |       0 |    0 |    0 |      0 |      0 |          0 |
|     axis_subset_converter_0                                                  |                                                 staged_mac_bd_axis_subset_converter_0_0 |          0 |          0 |       0 |    0 |    0 |      0 |      0 |          0 |
|       inst                                                                   |    staged_mac_bd_axis_subset_converter_0_0__top_staged_mac_bd_axis_subset_converter_0_0 |          0 |          0 |       0 |    0 |    0 |      0 |      0 |          0 |
|     piped_mac_0                                                              |                                                             staged_mac_bd_piped_mac_0_0 |          7 |          7 |       0 |    0 |   72 |      0 |      0 |          1 |
|       inst                                                                   |                                                   staged_mac_bd_piped_mac_0_0_piped_mac |          7 |          7 |       0 |    0 |   72 |      0 |      0 |          1 |
|     processing_system7_0                                                     |                                                    staged_mac_bd_processing_system7_0_0 |          0 |          0 |       0 |    0 |    0 |      0 |      0 |          0 |
|       (processing_system7_0)                                                 |                                                    staged_mac_bd_processing_system7_0_0 |          0 |          0 |       0 |    0 |    0 |      0 |      0 |          0 |
|       inst                                                                   |        staged_mac_bd_processing_system7_0_0__processing_system7_v5_5_processing_system7 |          0 |          0 |       0 |    0 |    0 |      0 |      0 |          0 |
|     ps7_0_axi_periph                                                         |                                                        staged_mac_bd_ps7_0_axi_periph_0 |        337 |        277 |       0 |   60 |  426 |      0 |      0 |          0 |
|       s00_couplers                                                           |                                                                 s00_couplers_imp_JBBDI9 |        337 |        277 |       0 |   60 |  426 |      0 |      0 |          0 |
|         auto_pc                                                              |                                                                 staged_mac_bd_auto_pc_0 |        337 |        277 |       0 |   60 |  426 |      0 |      0 |          0 |
|           inst                                                               |          staged_mac_bd_auto_pc_0__axi_protocol_converter_v2_1_21_axi_protocol_converter |        337 |        277 |       0 |   60 |  426 |      0 |      0 |          0 |
|             gen_axilite.gen_b2s_conv.axilite_b2s                             |                             staged_mac_bd_auto_pc_0__axi_protocol_converter_v2_1_21_b2s |        337 |        277 |       0 |   60 |  426 |      0 |      0 |          0 |
|               (gen_axilite.gen_b2s_conv.axilite_b2s)                         |                             staged_mac_bd_auto_pc_0__axi_protocol_converter_v2_1_21_b2s |          1 |          1 |       0 |    0 |    1 |      0 |      0 |          0 |
|               RD.ar_channel_0                                                |                  staged_mac_bd_auto_pc_0__axi_protocol_converter_v2_1_21_b2s_ar_channel |         69 |         69 |       0 |    0 |   69 |      0 |      0 |          0 |
|                 (RD.ar_channel_0)                                            |                  staged_mac_bd_auto_pc_0__axi_protocol_converter_v2_1_21_b2s_ar_channel |          0 |          0 |       0 |    0 |   12 |      0 |      0 |          0 |
|                 ar_cmd_fsm_0                                                 |                  staged_mac_bd_auto_pc_0__axi_protocol_converter_v2_1_21_b2s_rd_cmd_fsm |         31 |         31 |       0 |    0 |    2 |      0 |      0 |          0 |
|                 cmd_translator_0                                             |            staged_mac_bd_auto_pc_0__axi_protocol_converter_v2_1_21_b2s_cmd_translator_1 |         38 |         38 |       0 |    0 |   55 |      0 |      0 |          0 |
|                   (cmd_translator_0)                                         |            staged_mac_bd_auto_pc_0__axi_protocol_converter_v2_1_21_b2s_cmd_translator_1 |          2 |          2 |       0 |    0 |    3 |      0 |      0 |          0 |
|                   incr_cmd_0                                                 |                  staged_mac_bd_auto_pc_0__axi_protocol_converter_v2_1_21_b2s_incr_cmd_2 |         25 |         25 |       0 |    0 |   18 |      0 |      0 |          0 |
|                   wrap_cmd_0                                                 |                  staged_mac_bd_auto_pc_0__axi_protocol_converter_v2_1_21_b2s_wrap_cmd_3 |         11 |         11 |       0 |    0 |   34 |      0 |      0 |          0 |
|               RD.r_channel_0                                                 |                   staged_mac_bd_auto_pc_0__axi_protocol_converter_v2_1_21_b2s_r_channel |         60 |         14 |       0 |   46 |   24 |      0 |      0 |          0 |
|                 (RD.r_channel_0)                                             |                   staged_mac_bd_auto_pc_0__axi_protocol_converter_v2_1_21_b2s_r_channel |          0 |          0 |       0 |    0 |   14 |      0 |      0 |          0 |
|                 rd_data_fifo_0                                               | staged_mac_bd_auto_pc_0__axi_protocol_converter_v2_1_21_b2s_simple_fifo__parameterized1 |         41 |          8 |       0 |   33 |    5 |      0 |      0 |          0 |
|                 transaction_fifo_0                                           | staged_mac_bd_auto_pc_0__axi_protocol_converter_v2_1_21_b2s_simple_fifo__parameterized2 |         21 |          8 |       0 |   13 |    5 |      0 |      0 |          0 |
|               SI_REG                                                         |                  staged_mac_bd_auto_pc_0__axi_register_slice_v2_1_21_axi_register_slice |        111 |        111 |       0 |    0 |  242 |      0 |      0 |          0 |
|                 ar.ar_pipe                                                   |                 staged_mac_bd_auto_pc_0__axi_register_slice_v2_1_21_axic_register_slice |         35 |         35 |       0 |    0 |   59 |      0 |      0 |          0 |
|                 aw.aw_pipe                                                   |               staged_mac_bd_auto_pc_0__axi_register_slice_v2_1_21_axic_register_slice_0 |         39 |         39 |       0 |    0 |   59 |      0 |      0 |          0 |
|                 b.b_pipe                                                     | staged_mac_bd_auto_pc_0__axi_register_slice_v2_1_21_axic_register_slice__parameterized1 |         10 |         10 |       0 |    0 |   30 |      0 |      0 |          0 |
|                 r.r_pipe                                                     | staged_mac_bd_auto_pc_0__axi_register_slice_v2_1_21_axic_register_slice__parameterized2 |         27 |         27 |       0 |    0 |   94 |      0 |      0 |          0 |
|               WR.aw_channel_0                                                |                  staged_mac_bd_auto_pc_0__axi_protocol_converter_v2_1_21_b2s_aw_channel |         65 |         65 |       0 |    0 |   73 |      0 |      0 |          0 |
|                 (WR.aw_channel_0)                                            |                  staged_mac_bd_auto_pc_0__axi_protocol_converter_v2_1_21_b2s_aw_channel |          0 |          0 |       0 |    0 |   16 |      0 |      0 |          0 |
|                 aw_cmd_fsm_0                                                 |                  staged_mac_bd_auto_pc_0__axi_protocol_converter_v2_1_21_b2s_wr_cmd_fsm |         15 |         15 |       0 |    0 |    2 |      0 |      0 |          0 |
|                 cmd_translator_0                                             |              staged_mac_bd_auto_pc_0__axi_protocol_converter_v2_1_21_b2s_cmd_translator |         50 |         50 |       0 |    0 |   55 |      0 |      0 |          0 |
|                   (cmd_translator_0)                                         |              staged_mac_bd_auto_pc_0__axi_protocol_converter_v2_1_21_b2s_cmd_translator |          1 |          1 |       0 |    0 |    3 |      0 |      0 |          0 |
|                   incr_cmd_0                                                 |                    staged_mac_bd_auto_pc_0__axi_protocol_converter_v2_1_21_b2s_incr_cmd |         28 |         28 |       0 |    0 |   18 |      0 |      0 |          0 |
|                   wrap_cmd_0                                                 |                    staged_mac_bd_auto_pc_0__axi_protocol_converter_v2_1_21_b2s_wrap_cmd |         21 |         21 |       0 |    0 |   34 |      0 |      0 |          0 |
|               WR.b_channel_0                                                 |                   staged_mac_bd_auto_pc_0__axi_protocol_converter_v2_1_21_b2s_b_channel |         37 |         23 |       0 |   14 |   17 |      0 |      0 |          0 |
|                 (WR.b_channel_0)                                             |                   staged_mac_bd_auto_pc_0__axi_protocol_converter_v2_1_21_b2s_b_channel |          8 |          8 |       0 |    0 |   13 |      0 |      0 |          0 |
|                 bid_fifo_0                                                   |                 staged_mac_bd_auto_pc_0__axi_protocol_converter_v2_1_21_b2s_simple_fifo |         23 |         11 |       0 |   12 |    2 |      0 |      0 |          0 |
|                 bresp_fifo_0                                                 | staged_mac_bd_auto_pc_0__axi_protocol_converter_v2_1_21_b2s_simple_fifo__parameterized0 |          6 |          4 |       0 |    2 |    2 |      0 |      0 |          0 |
|     rst_ps7_0_100M                                                           |                                                          staged_mac_bd_rst_ps7_0_100M_0 |         17 |         16 |       0 |    1 |   33 |      0 |      0 |          0 |
|       U0                                                                     |                                          staged_mac_bd_rst_ps7_0_100M_0__proc_sys_reset |         17 |         16 |       0 |    1 |   33 |      0 |      0 |          0 |
|         (U0)                                                                 |                                          staged_mac_bd_rst_ps7_0_100M_0__proc_sys_reset |          0 |          0 |       0 |    0 |    1 |      0 |      0 |          0 |
|         EXT_LPF                                                              |                                                     staged_mac_bd_rst_ps7_0_100M_0__lpf |          5 |          4 |       0 |    1 |   17 |      0 |      0 |          0 |
|           (EXT_LPF)                                                          |                                                     staged_mac_bd_rst_ps7_0_100M_0__lpf |          2 |          1 |       0 |    1 |    9 |      0 |      0 |          0 |
|           ACTIVE_LOW_AUX.ACT_LO_AUX                                          |                                                staged_mac_bd_rst_ps7_0_100M_0__cdc_sync |          1 |          1 |       0 |    0 |    4 |      0 |      0 |          0 |
|           ACTIVE_LOW_EXT.ACT_LO_EXT                                          |                                              staged_mac_bd_rst_ps7_0_100M_0__cdc_sync_0 |          2 |          2 |       0 |    0 |    4 |      0 |      0 |          0 |
|         SEQ                                                                  |                                            staged_mac_bd_rst_ps7_0_100M_0__sequence_psr |         12 |         12 |       0 |    0 |   15 |      0 |      0 |          0 |
|           (SEQ)                                                              |                                            staged_mac_bd_rst_ps7_0_100M_0__sequence_psr |          7 |          7 |       0 |    0 |    9 |      0 |      0 |          0 |
|           SEQ_COUNTER                                                        |                                                 staged_mac_bd_rst_ps7_0_100M_0__upcnt_n |          5 |          5 |       0 |    0 |    6 |      0 |      0 |          0 |
+------------------------------------------------------------------------------+-----------------------------------------------------------------------------------------+------------+------------+---------+------+------+--------+--------+------------+
* Note: The sum of lower-level cells may be larger than their parent cells total, due to cross-hierarchy LUT combining


