Copyright 1986-2020 Xilinx, Inc. All Rights Reserved.
------------------------------------------------------------------------------------
| Tool Version : Vivado v.2020.1 (lin64) Build 2902540 Wed May 27 19:54:35 MDT 2020
| Date         : Thu Oct  8 21:38:43 2026
| Host         : co2050-02.ece.iastate.edu running 64-bit unknown
| Command      : report_timing_summary -file timing_summary_2bit.rpt
| Design       : piped_mac
| Device       : 7z020-clg484
| Speed File   : -1  PRODUCTION 1.12 2019-11-22
------------------------------------------------------------------------------------

Timing Summary Report

------------------------------------------------------------------------------------------------
| Timer Settings
| --------------
------------------------------------------------------------------------------------------------

  Enable Multi Corner Analysis               :  Yes
  Enable Pessimism Removal                   :  Yes
  Pessimism Removal Resolution               :  Nearest Common Node
  Enable Input Delay Default Clock           :  No
  Enable Preset / Clear Arcs                 :  No
  Disable Flight Delays                      :  No
  Ignore I/O Paths                           :  No
  Timing Early Launch at Borrowing Latches   :  No
  Borrow Time for Max Delay Exceptions       :  Yes
  Merge Timing Exceptions                    :  Yes

  Corner  Analyze    Analyze    
  Name    Max Paths  Min Paths  
  ------  ---------  ---------  
  Slow    Yes        Yes        
  Fast    Yes        Yes        



check_timing report

Table of Contents
-----------------
1. checking no_clock (0)
2. checking constant_clock (0)
3. checking pulse_width_clock (0)
4. checking unconstrained_internal_endpoints (0)
5. checking no_input_delay (17)
6. checking no_output_delay (43)
7. checking multiple_clock (0)
8. checking generated_clocks (0)
9. checking loops (0)
10. checking partial_input_delay (0)
11. checking partial_output_delay (0)
12. checking latch_loops (0)

1. checking no_clock (0)
------------------------
 There are 0 register/latch pins with no clock.


2. checking constant_clock (0)
------------------------------
 There are 0 register/latch pins with constant_clock.


3. checking pulse_width_clock (0)
---------------------------------
 There are 0 register/latch pins which need pulse_width check


4. checking unconstrained_internal_endpoints (0)
------------------------------------------------
 There are 0 pins that are not constrained for maximum delay.

 There are 0 pins that are not constrained for maximum delay due to constant clock.


5. checking no_input_delay (17)
-------------------------------
 There are 17 input ports with no input delay specified. (HIGH)

 There are 0 input ports with no input delay but user has a false path constraint.


6. checking no_output_delay (43)
--------------------------------
 There are 43 ports with no output delay specified. (HIGH)

 There are 0 ports with no output delay but user has a false path constraint

 There are 0 ports with no output delay but with a timing clock defined on it or propagating through it


7. checking multiple_clock (0)
------------------------------
 There are 0 register/latch pins with multiple clocks.


8. checking generated_clocks (0)
--------------------------------
 There are 0 generated clocks that are not connected to a clock source.


9. checking loops (0)
---------------------
 There are 0 combinational loops in the design.


10. checking partial_input_delay (0)
------------------------------------
 There are 0 input ports with partial input delay specified.


11. checking partial_output_delay (0)
-------------------------------------
 There are 0 ports with partial output delay specified.


12. checking latch_loops (0)
----------------------------
 There are 0 combinational latch loops in the design through latch input



------------------------------------------------------------------------------------------------
| Design Timing Summary
| ---------------------
------------------------------------------------------------------------------------------------

    WNS(ns)      TNS(ns)  TNS Failing Endpoints  TNS Total Endpoints      WHS(ns)      THS(ns)  THS Failing Endpoints  THS Total Endpoints     WPWS(ns)     TPWS(ns)  TPWS Failing Endpoints  TPWS Total Endpoints  
    -------      -------  ---------------------  -------------------      -------      -------  ---------------------  -------------------     --------     --------  ----------------------  --------------------  
      0.721        0.000                      0                  289        0.156        0.000                      0                  289        2.000        0.000                       0                   116  


All user specified timing constraints are met.


------------------------------------------------------------------------------------------------
| Clock Summary
| -------------
------------------------------------------------------------------------------------------------

Clock  Waveform(ns)         Period(ns)      Frequency(MHz)
-----  ------------         ----------      --------------
main   {0.000 2.500}        5.000           200.000         


------------------------------------------------------------------------------------------------
| Intra Clock Table
| -----------------
------------------------------------------------------------------------------------------------

Clock             WNS(ns)      TNS(ns)  TNS Failing Endpoints  TNS Total Endpoints      WHS(ns)      THS(ns)  THS Failing Endpoints  THS Total Endpoints     WPWS(ns)     TPWS(ns)  TPWS Failing Endpoints  TPWS Total Endpoints  
-----             -------      -------  ---------------------  -------------------      -------      -------  ---------------------  -------------------     --------     --------  ----------------------  --------------------  
main                0.721        0.000                      0                  289        0.156        0.000                      0                  289        2.000        0.000                       0                   116  


------------------------------------------------------------------------------------------------
| Inter Clock Table
| -----------------
------------------------------------------------------------------------------------------------

From Clock    To Clock          WNS(ns)      TNS(ns)  TNS Failing Endpoints  TNS Total Endpoints      WHS(ns)      THS(ns)  THS Failing Endpoints  THS Total Endpoints  
----------    --------          -------      -------  ---------------------  -------------------      -------      -------  ---------------------  -------------------  


------------------------------------------------------------------------------------------------
| Other Path Groups Table
| -----------------------
------------------------------------------------------------------------------------------------

Path Group    From Clock    To Clock          WNS(ns)      TNS(ns)  TNS Failing Endpoints  TNS Total Endpoints      WHS(ns)      THS(ns)  THS Failing Endpoints  THS Total Endpoints  
----------    ----------    --------          -------      -------  ---------------------  -------------------      -------      -------  ---------------------  -------------------  


------------------------------------------------------------------------------------------------
| Timing Details
| --------------
------------------------------------------------------------------------------------------------


---------------------------------------------------------------------------------------------------
From Clock:  main
  To Clock:  main

Setup :            0  Failing Endpoints,  Worst Slack        0.721ns,  Total Violation        0.000ns
Hold  :            0  Failing Endpoints,  Worst Slack        0.156ns,  Total Violation        0.000ns
PW    :            0  Failing Endpoints,  Worst Slack        2.000ns,  Total Violation        0.000ns
---------------------------------------------------------------------------------------------------


Max Delay Paths
--------------------------------------------------------------------------------------
Slack (MET) :             0.721ns  (required time - arrival time)
  Source:                 acc0/CLK
                            (rising edge-triggered cell DSP48E1 clocked by main  {rise@0.000ns fall@2.500ns period=5.000ns})
  Destination:            acc0/C[0]
                            (rising edge-triggered cell DSP48E1 clocked by main  {rise@0.000ns fall@2.500ns period=5.000ns})
  Path Group:             main
  Path Type:              Setup (Max at Slow Process Corner)
  Requirement:            5.000ns  (main rise@5.000ns - main rise@0.000ns)
  Data Path Delay:        3.803ns  (logic 2.334ns (61.377%)  route 1.469ns (38.623%))
  Logic Levels:           1  (LUT3=1)
  Clock Path Skew:        0.000ns (DCD - SCD + CPR)
    Destination Clock Delay (DCD):    4.616ns = ( 9.616 - 5.000 ) 
    Source Clock Delay      (SCD):    5.136ns
    Clock Pessimism Removal (CPR):    0.520ns
  Clock Uncertainty:      0.035ns  ((TSJ^2 + TIJ^2)^1/2 + DJ) / 2 + PE
    Total System Jitter     (TSJ):    0.071ns
    Total Input Jitter      (TIJ):    0.000ns
    Discrete Jitter          (DJ):    0.000ns
    Phase Error              (PE):    0.000ns

    Location             Delay type                Incr(ns)  Path(ns)    Netlist Resource(s)
  -------------------------------------------------------------------    -------------------
                         (clock main rise edge)       0.000     0.000 r  
    K19                                               0.000     0.000 r  ACLK (IN)
                         net (fo=0)                   0.000     0.000    ACLK
    K19                  IBUF (Prop_ibuf_I_O)         0.938     0.938 r  ACLK_IBUF_inst/O
                         net (fo=1, routed)           2.205     3.143    ACLK_IBUF
    BUFGCTRL_X0Y16       BUFG (Prop_bufg_I_O)         0.101     3.244 r  ACLK_IBUF_BUFG_inst/O
                         net (fo=115, routed)         1.893     5.136    ACLK_IBUF_BUFG
    DSP48_X4Y2           DSP48E1                                      r  acc0/CLK
  -------------------------------------------------------------------    -------------------
    DSP48_X4Y2           DSP48E1 (Prop_dsp48e1_CLK_P[0])
                                                      2.215     7.351 r  acc0/P[0]
                         net (fo=2, routed)           0.937     8.289    acc0_n_105
    SLICE_X103Y6         LUT3 (Prop_lut3_I1_O)        0.119     8.408 r  acc0_i_34/O
                         net (fo=1, routed)           0.531     8.939    acc0_i_34_n_0
    DSP48_X4Y2           DSP48E1                                      r  acc0/C[0]
  -------------------------------------------------------------------    -------------------

                         (clock main rise edge)       5.000     5.000 r  
    K19                                               0.000     5.000 r  ACLK (IN)
                         net (fo=0)                   0.000     5.000    ACLK
    K19                  IBUF (Prop_ibuf_I_O)         0.804     5.804 r  ACLK_IBUF_inst/O
                         net (fo=1, routed)           2.006     7.810    ACLK_IBUF
    BUFGCTRL_X0Y16       BUFG (Prop_bufg_I_O)         0.091     7.901 r  ACLK_IBUF_BUFG_inst/O
                         net (fo=115, routed)         1.715     9.616    ACLK_IBUF_BUFG
    DSP48_X4Y2           DSP48E1                                      r  acc0/CLK
                         clock pessimism              0.520    10.136    
                         clock uncertainty           -0.035    10.101    
    DSP48_X4Y2           DSP48E1 (Setup_dsp48e1_CLK_C[0])
                                                     -0.441     9.660    acc0
  -------------------------------------------------------------------
                         required time                          9.660    
                         arrival time                          -8.939    
  -------------------------------------------------------------------
                         slack                                  0.721    





Min Delay Paths
--------------------------------------------------------------------------------------
Slack (MET) :             0.156ns  (arrival time - required time)
  Source:                 s2_sum_reg[7]/C
                            (rising edge-triggered cell FDSE clocked by main  {rise@0.000ns fall@2.500ns period=5.000ns})
  Destination:            MO_AXIS_TDATA_reg[7]/D
                            (rising edge-triggered cell FDRE clocked by main  {rise@0.000ns fall@2.500ns period=5.000ns})
  Path Group:             main
  Path Type:              Hold (Min at Fast Process Corner)
  Requirement:            0.000ns  (main rise@0.000ns - main rise@0.000ns)
  Data Path Delay:        0.256ns  (logic 0.141ns (55.018%)  route 0.115ns (44.982%))
  Logic Levels:           0  
  Clock Path Skew:        0.036ns (DCD - SCD - CPR)
    Destination Clock Delay (DCD):    1.997ns
    Source Clock Delay      (SCD):    1.479ns
    Clock Pessimism Removal (CPR):    0.482ns

    Location             Delay type                Incr(ns)  Path(ns)    Netlist Resource(s)
  -------------------------------------------------------------------    -------------------
                         (clock main rise edge)       0.000     0.000 r  
    K19                                               0.000     0.000 r  ACLK (IN)
                         net (fo=0)                   0.000     0.000    ACLK
    K19                  IBUF (Prop_ibuf_I_O)         0.167     0.167 r  ACLK_IBUF_inst/O
                         net (fo=1, routed)           0.674     0.841    ACLK_IBUF
    BUFGCTRL_X0Y16       BUFG (Prop_bufg_I_O)         0.026     0.867 r  ACLK_IBUF_BUFG_inst/O
                         net (fo=115, routed)         0.613     1.479    ACLK_IBUF_BUFG
    SLICE_X103Y9         FDSE                                         r  s2_sum_reg[7]/C
  -------------------------------------------------------------------    -------------------
    SLICE_X103Y9         FDSE (Prop_fdse_C_Q)         0.141     1.620 r  s2_sum_reg[7]/Q
                         net (fo=1, routed)           0.115     1.736    s2_sum_reg_n_0_[7]
    SLICE_X104Y10        FDRE                                         r  MO_AXIS_TDATA_reg[7]/D
  -------------------------------------------------------------------    -------------------

                         (clock main rise edge)       0.000     0.000 r  
    K19                                               0.000     0.000 r  ACLK (IN)
                         net (fo=0)                   0.000     0.000    ACLK
    K19                  IBUF (Prop_ibuf_I_O)         0.355     0.355 r  ACLK_IBUF_inst/O
                         net (fo=1, routed)           0.731     1.086    ACLK_IBUF
    BUFGCTRL_X0Y16       BUFG (Prop_bufg_I_O)         0.029     1.115 r  ACLK_IBUF_BUFG_inst/O
                         net (fo=115, routed)         0.882     1.997    ACLK_IBUF_BUFG
    SLICE_X104Y10        FDRE                                         r  MO_AXIS_TDATA_reg[7]/C
                         clock pessimism             -0.482     1.515    
    SLICE_X104Y10        FDRE (Hold_fdre_C_D)         0.064     1.579    MO_AXIS_TDATA_reg[7]
  -------------------------------------------------------------------
                         required time                         -1.579    
                         arrival time                           1.736    
  -------------------------------------------------------------------
                         slack                                  0.156    





Pulse Width Checks
--------------------------------------------------------------------------------------
Clock Name:         main
Waveform(ns):       { 0.000 2.500 }
Period(ns):         5.000
Sources:            { ACLK }

Check Type        Corner  Lib Pin  Reference Pin  Required(ns)  Actual(ns)  Slack(ns)  Location        Pin
Min Period        n/a     BUFG/I   n/a            2.155         5.000       2.845      BUFGCTRL_X0Y16  ACLK_IBUF_BUFG_inst/I
Low Pulse Width   Slow    FDRE/C   n/a            0.500         2.500       2.000      SLICE_X102Y5    s0_bias_reg[1]/C
High Pulse Width  Fast    FDRE/C   n/a            0.500         2.500       2.000      SLICE_X104Y10   MO_AXIS_TDATA_reg[0]/C



