Copyright 1986-2020 Xilinx, Inc. All Rights Reserved.
------------------------------------------------------------------------------------
| Tool Version : Vivado v.2020.1 (lin64) Build 2902540 Wed May 27 19:54:35 MDT 2020
| Date         : Fri Oct  9 01:44:15 2026
| Host         : co2050-02.ece.iastate.edu running 64-bit unknown
| Command      : report_timing_summary -file timing_summary.rpt
| Design       : variable_mac
| Device       : 7z020-clg484
| Speed File   : -1  PRODUCTION 1.12 2019-11-22
------------------------------------------------------------------------------------

Timing Summary Report

------------------------------------------------------------------------------------------------
| Timer Settings
| --------------
------------------------------------------------------------------------------------------------

  Enable Multi Corner Analysis               :  Yes
  Enable Pessimism Removal                   :  Yes
  Pessimism Removal Resolution               :  Nearest Common Node
  Enable Input Delay Default Clock           :  No
  Enable Preset / Clear Arcs                 :  No
  Disable Flight Delays                      :  No
  Ignore I/O Paths                           :  No
  Timing Early Launch at Borrowing Latches   :  No
  Borrow Time for Max Delay Exceptions       :  Yes
  Merge Timing Exceptions                    :  Yes

  Corner  Analyze    Analyze    
  Name    Max Paths  Min Paths  
  ------  ---------  ---------  
  Slow    Yes        Yes        
  Fast    Yes        Yes        



check_timing report

Table of Contents
-----------------
1. checking no_clock (0)
2. checking constant_clock (0)
3. checking pulse_width_clock (0)
4. checking unconstrained_internal_endpoints (0)
5. checking no_input_delay (44)
6. checking no_output_delay (42)
7. checking multiple_clock (0)
8. checking generated_clocks (0)
9. checking loops (0)
10. checking partial_input_delay (0)
11. checking partial_output_delay (0)
12. checking latch_loops (0)

1. checking no_clock (0)
------------------------
 There are 0 register/latch pins with no clock.


2. checking constant_clock (0)
------------------------------
 There are 0 register/latch pins with constant_clock.


3. checking pulse_width_clock (0)
---------------------------------
 There are 0 register/latch pins which need pulse_width check


4. checking unconstrained_internal_endpoints (0)
------------------------------------------------
 There are 0 pins that are not constrained for maximum delay.

 There are 0 pins that are not constrained for maximum delay due to constant clock.


5. checking no_input_delay (44)
-------------------------------
 There are 44 input ports with no input delay specified. (HIGH)

 There are 0 input ports with no input delay but user has a false path constraint.


6. checking no_output_delay (42)
--------------------------------
 There are 42 ports with no output delay specified. (HIGH)

 There are 0 ports with no output delay but user has a false path constraint

 There are 0 ports with no output delay but with a timing clock defined on it or propagating through it


7. checking multiple_clock (0)
------------------------------
 There are 0 register/latch pins with multiple clocks.


8. checking generated_clocks (0)
--------------------------------
 There are 0 generated clocks that are not connected to a clock source.


9. checking loops (0)
---------------------
 There are 0 combinational loops in the design.


10. checking partial_input_delay (0)
------------------------------------
 There are 0 input ports with partial input delay specified.


11. checking partial_output_delay (0)
-------------------------------------
 There are 0 ports with partial output delay specified.


12. checking latch_loops (0)
----------------------------
 There are 0 combinational latch loops in the design through latch input



------------------------------------------------------------------------------------------------
| Design Timing Summary
| ---------------------
------------------------------------------------------------------------------------------------

    WNS(ns)      TNS(ns)  TNS Failing Endpoints  TNS Total Endpoints      WHS(ns)      THS(ns)  THS Failing Endpoints  THS Total Endpoints     WPWS(ns)     TPWS(ns)  TPWS Failing Endpoints  TPWS Total Endpoints  
    -------      -------  ---------------------  -------------------      -------      -------  ---------------------  -------------------     --------     --------  ----------------------  --------------------  
      0.747        0.000                      0                 2238        0.030        0.000                      0                 2238        1.520        0.000                       0                   978  


All user specified timing constraints are met.


------------------------------------------------------------------------------------------------
| Clock Summary
| -------------
------------------------------------------------------------------------------------------------

Clock  Waveform(ns)         Period(ns)      Frequency(MHz)
-----  ------------         ----------      --------------
main   {0.000 2.500}        5.000           200.000         


------------------------------------------------------------------------------------------------
| Intra Clock Table
| -----------------
------------------------------------------------------------------------------------------------

Clock             WNS(ns)      TNS(ns)  TNS Failing Endpoints  TNS Total Endpoints      WHS(ns)      THS(ns)  THS Failing Endpoints  THS Total Endpoints     WPWS(ns)     TPWS(ns)  TPWS Failing Endpoints  TPWS Total Endpoints  
-----             -------      -------  ---------------------  -------------------      -------      -------  ---------------------  -------------------     --------     --------  ----------------------  --------------------  
main                0.747        0.000                      0                 2238        0.030        0.000                      0                 2238        1.520        0.000                       0                   978  


------------------------------------------------------------------------------------------------
| Inter Clock Table
| -----------------
------------------------------------------------------------------------------------------------

From Clock    To Clock          WNS(ns)      TNS(ns)  TNS Failing Endpoints  TNS Total Endpoints      WHS(ns)      THS(ns)  THS Failing Endpoints  THS Total Endpoints  
----------    --------          -------      -------  ---------------------  -------------------      -------      -------  ---------------------  -------------------  


------------------------------------------------------------------------------------------------
| Other Path Groups Table
| -----------------------
------------------------------------------------------------------------------------------------

Path Group    From Clock    To Clock          WNS(ns)      TNS(ns)  TNS Failing Endpoints  TNS Total Endpoints      WHS(ns)      THS(ns)  THS Failing Endpoints  THS Total Endpoints  
----------    ----------    --------          -------      -------  ---------------------  -------------------      -------      -------  ---------------------  -------------------  


------------------------------------------------------------------------------------------------
| Timing Details
| --------------
------------------------------------------------------------------------------------------------


---------------------------------------------------------------------------------------------------
From Clock:  main
  To Clock:  main

Setup :            0  Failing Endpoints,  Worst Slack        0.747ns,  Total Violation        0.000ns
Hold  :            0  Failing Endpoints,  Worst Slack        0.030ns,  Total Violation        0.000ns
PW    :            0  Failing Endpoints,  Worst Slack        1.520ns,  Total Violation        0.000ns
---------------------------------------------------------------------------------------------------


Max Delay Paths
--------------------------------------------------------------------------------------
Slack (MET) :             0.747ns  (required time - arrival time)
  Source:                 mo_valid_reg/C
                            (rising edge-triggered cell FDRE clocked by main  {rise@0.000ns fall@2.500ns period=5.000ns})
  Destination:            s1_terms_reg[30][10]/R
                            (rising edge-triggered cell FDRE clocked by main  {rise@0.000ns fall@2.500ns period=5.000ns})
  Path Group:             main
  Path Type:              Setup (Max at Slow Process Corner)
  Requirement:            5.000ns  (main rise@5.000ns - main rise@0.000ns)
  Data Path Delay:        3.565ns  (logic 0.704ns (19.750%)  route 2.861ns (80.250%))
  Logic Levels:           2  (LUT3=1 LUT4=1)
  Clock Path Skew:        -0.129ns (DCD - SCD + CPR)
    Destination Clock Delay (DCD):    4.510ns = ( 9.510 - 5.000 ) 
    Source Clock Delay      (SCD):    5.096ns
    Clock Pessimism Removal (CPR):    0.457ns
  Clock Uncertainty:      0.035ns  ((TSJ^2 + TIJ^2)^1/2 + DJ) / 2 + PE
    Total System Jitter     (TSJ):    0.071ns
    Total Input Jitter      (TIJ):    0.000ns
    Discrete Jitter          (DJ):    0.000ns
    Phase Error              (PE):    0.000ns

    Location             Delay type                Incr(ns)  Path(ns)    Netlist Resource(s)
  -------------------------------------------------------------------    -------------------
                         (clock main rise edge)       0.000     0.000 r  
    K19                                               0.000     0.000 r  ACLK (IN)
                         net (fo=0)                   0.000     0.000    ACLK
    K19                  IBUF (Prop_ibuf_I_O)         0.938     0.938 r  ACLK_IBUF_inst/O
                         net (fo=1, routed)           2.205     3.143    ACLK_IBUF
    BUFGCTRL_X0Y16       BUFG (Prop_bufg_I_O)         0.101     3.244 r  ACLK_IBUF_BUFG_inst/O
                         net (fo=977, routed)         1.852     5.096    ACLK_IBUF_BUFG
    SLICE_X111Y79        FDRE                                         r  mo_valid_reg/C
  -------------------------------------------------------------------    -------------------
    SLICE_X111Y79        FDRE (Prop_fdre_C_Q)         0.456     5.552 f  mo_valid_reg/Q
                         net (fo=12, routed)          0.763     6.314    MO_AXIS_TVALID_OBUF
    SLICE_X113Y79        LUT4 (Prop_lut4_I2_O)        0.124     6.438 r  s1_terms[31][15]_i_2/O
                         net (fo=304, routed)         0.732     7.170    s1_terms[0]
    SLICE_X112Y79        LUT3 (Prop_lut3_I0_O)        0.124     7.294 r  s1_terms[30][15]_i_1/O
                         net (fo=68, routed)          1.366     8.660    s1_terms[1]
    SLICE_X102Y96        FDRE                                         r  s1_terms_reg[30][10]/R
  -------------------------------------------------------------------    -------------------

                         (clock main rise edge)       5.000     5.000 r  
    K19                                               0.000     5.000 r  ACLK (IN)
                         net (fo=0)                   0.000     5.000    ACLK
    K19                  IBUF (Prop_ibuf_I_O)         0.804     5.804 r  ACLK_IBUF_inst/O
                         net (fo=1, routed)           2.006     7.810    ACLK_IBUF
    BUFGCTRL_X0Y16       BUFG (Prop_bufg_I_O)         0.091     7.901 r  ACLK_IBUF_BUFG_inst/O
                         net (fo=977, routed)         1.609     9.510    ACLK_IBUF_BUFG
    SLICE_X102Y96        FDRE                                         r  s1_terms_reg[30][10]/C
                         clock pessimism              0.457     9.967    
                         clock uncertainty           -0.035     9.931    
    SLICE_X102Y96        FDRE (Setup_fdre_C_R)       -0.524     9.407    s1_terms_reg[30][10]
  -------------------------------------------------------------------
                         required time                          9.407    
                         arrival time                          -8.660    
  -------------------------------------------------------------------
                         slack                                  0.747    





Min Delay Paths
--------------------------------------------------------------------------------------
Slack (MET) :             0.030ns  (arrival time - required time)
  Source:                 s3_rows_reg[4][13]/C
                            (rising edge-triggered cell FDRE clocked by main  {rise@0.000ns fall@2.500ns period=5.000ns})
  Destination:            s4_pairs_reg[2][16]/D
                            (rising edge-triggered cell FDRE clocked by main  {rise@0.000ns fall@2.500ns period=5.000ns})
  Path Group:             main
  Path Type:              Hold (Min at Fast Process Corner)
  Requirement:            0.000ns  (main rise@0.000ns - main rise@0.000ns)
  Data Path Delay:        0.487ns  (logic 0.365ns (74.989%)  route 0.122ns (25.011%))
  Logic Levels:           2  (CARRY4=2)
  Clock Path Skew:        0.351ns (DCD - SCD - CPR)
    Destination Clock Delay (DCD):    2.107ns
    Source Clock Delay      (SCD):    1.503ns
    Clock Pessimism Removal (CPR):    0.253ns

    Location             Delay type                Incr(ns)  Path(ns)    Netlist Resource(s)
  -------------------------------------------------------------------    -------------------
                         (clock main rise edge)       0.000     0.000 r  
    K19                                               0.000     0.000 r  ACLK (IN)
                         net (fo=0)                   0.000     0.000    ACLK
    K19                  IBUF (Prop_ibuf_I_O)         0.167     0.167 r  ACLK_IBUF_inst/O
                         net (fo=1, routed)           0.674     0.841    ACLK_IBUF
    BUFGCTRL_X0Y16       BUFG (Prop_bufg_I_O)         0.026     0.867 r  ACLK_IBUF_BUFG_inst/O
                         net (fo=977, routed)         0.636     1.503    ACLK_IBUF_BUFG
    SLICE_X108Y98        FDRE                                         r  s3_rows_reg[4][13]/C
  -------------------------------------------------------------------    -------------------
    SLICE_X108Y98        FDRE (Prop_fdre_C_Q)         0.164     1.667 r  s3_rows_reg[4][13]/Q
                         net (fo=2, routed)           0.121     1.788    s3_rows_reg[4][13]
    SLICE_X109Y99        CARRY4 (Prop_carry4_DI[1]_CO[3])
                                                      0.147     1.935 r  s4_pairs_reg[2][15]_i_1/CO[3]
                         net (fo=1, routed)           0.001     1.935    s4_pairs_reg[2][15]_i_1_n_0
    SLICE_X109Y100       CARRY4 (Prop_carry4_CI_O[0])
                                                      0.054     1.989 r  s4_pairs_reg[2][18]_i_1/O[0]
                         net (fo=1, routed)           0.000     1.989    s4_pairs_reg[2][18]_i_1_n_7
    SLICE_X109Y100       FDRE                                         r  s4_pairs_reg[2][16]/D
  -------------------------------------------------------------------    -------------------

                         (clock main rise edge)       0.000     0.000 r  
    K19                                               0.000     0.000 r  ACLK (IN)
                         net (fo=0)                   0.000     0.000    ACLK
    K19                  IBUF (Prop_ibuf_I_O)         0.355     0.355 r  ACLK_IBUF_inst/O
                         net (fo=1, routed)           0.731     1.086    ACLK_IBUF
    BUFGCTRL_X0Y16       BUFG (Prop_bufg_I_O)         0.029     1.115 r  ACLK_IBUF_BUFG_inst/O
                         net (fo=977, routed)         0.992     2.107    ACLK_IBUF_BUFG
    SLICE_X109Y100       FDRE                                         r  s4_pairs_reg[2][16]/C
                         clock pessimism             -0.253     1.854    
    SLICE_X109Y100       FDRE (Hold_fdre_C_D)         0.105     1.959    s4_pairs_reg[2][16]
  -------------------------------------------------------------------
                         required time                         -1.959    
                         arrival time                           1.989    
  -------------------------------------------------------------------
                         slack                                  0.030    





Pulse Width Checks
--------------------------------------------------------------------------------------
Clock Name:         main
Waveform(ns):       { 0.000 2.500 }
Period(ns):         5.000
Sources:            { ACLK }

Check Type        Corner  Lib Pin     Reference Pin  Required(ns)  Actual(ns)  Slack(ns)  Location        Pin
Min Period        n/a     BUFG/I      n/a            2.155         5.000       2.845      BUFGCTRL_X0Y16  ACLK_IBUF_BUFG_inst/I
Low Pulse Width   Fast    SRL16E/CLK  n/a            0.980         2.500       1.520      SLICE_X112Y79   last_pipe_reg[5]_srl5/CLK
High Pulse Width  Slow    SRL16E/CLK  n/a            0.980         2.500       1.520      SLICE_X112Y79   last_pipe_reg[5]_srl5/CLK



